{"level":"info","Port":8080,"time":"2024-05-31T00:22:54+02:00","message":"Starting server"}
{"level":"debug","time":"2024-05-31T00:22:58+02:00","message":"Closing Database"}
